// Jest Snapshot v1, https://goo.gl/fbAQLP

exports[`<Header> Should render the expected template 1`] = `
ShallowWrapper {
  Symbol(enzyme.__root__): [Circular],
  Symbol(enzyme.__unrendered__): <Unknown />,
  Symbol(enzyme.__renderer__): Object {
    "batchedUpdates": [Function],
    "getNode": [Function],
    "render": [Function],
    "simulateError": [Function],
    "simulateEvent": [Function],
    "unmount": [Function],
  },
  Symbol(enzyme.__node__): Object {
    "instance": null,
    "key": undefined,
    "nodeType": "host",
    "props": Object {
      "children": Array [
        <img
          src="https://www.equalexperts.com/wp-content/themes/equalexperts/assets/logo.svg"
          style={
            Object {
              "maxWidth": "100px",
            }
          }
        />,
        <span
          style={
            Object {
              "display": "block",
            }
          }
        >
          Calculator test
        </span>,
      ],
      "style": Object {
        "backgroundColor": "#1595d4",
        "color": "#FFF",
        "fontSize": "20px",
        "padding": "17px",
        "textAlign": "center",
      },
    },
    "ref": null,
    "rendered": Array [
      Object {
        "instance": null,
        "key": undefined,
        "nodeType": "host",
        "props": Object {
          "src": "https://www.equalexperts.com/wp-content/themes/equalexperts/assets/logo.svg",
          "style": Object {
            "maxWidth": "100px",
          },
        },
        "ref": null,
        "rendered": null,
        "type": "img",
      },
      Object {
        "instance": null,
        "key": undefined,
        "nodeType": "host",
        "props": Object {
          "children": "Calculator test",
          "style": Object {
            "display": "block",
          },
        },
        "ref": null,
        "rendered": "Calculator test",
        "type": "span",
      },
    ],
    "type": "div",
  },
  Symbol(enzyme.__nodes__): Array [
    Object {
      "instance": null,
      "key": undefined,
      "nodeType": "host",
      "props": Object {
        "children": Array [
          <img
            src="https://www.equalexperts.com/wp-content/themes/equalexperts/assets/logo.svg"
            style={
              Object {
                "maxWidth": "100px",
              }
            }
          />,
          <span
            style={
              Object {
                "display": "block",
              }
            }
          >
            Calculator test
          </span>,
        ],
        "style": Object {
          "backgroundColor": "#1595d4",
          "color": "#FFF",
          "fontSize": "20px",
          "padding": "17px",
          "textAlign": "center",
        },
      },
      "ref": null,
      "rendered": Array [
        Object {
          "instance": null,
          "key": undefined,
          "nodeType": "host",
          "props": Object {
            "src": "https://www.equalexperts.com/wp-content/themes/equalexperts/assets/logo.svg",
            "style": Object {
              "maxWidth": "100px",
            },
          },
          "ref": null,
          "rendered": null,
          "type": "img",
        },
        Object {
          "instance": null,
          "key": undefined,
          "nodeType": "host",
          "props": Object {
            "children": "Calculator test",
            "style": Object {
              "display": "block",
            },
          },
          "ref": null,
          "rendered": "Calculator test",
          "type": "span",
        },
      ],
      "type": "div",
    },
  ],
  Symbol(enzyme.__options__): Object {
    "adapter": ReactSixteenAdapter {
      "options": Object {
        "enableComponentDidUpdateOnSetState": true,
        "lifecycles": Object {
          "componentDidUpdate": Object {
            "onSetState": true,
          },
          "getDerivedStateFromProps": true,
          "getSnapshotBeforeUpdate": true,
          "setState": Object {
            "skipsComponentDidUpdateOnNullish": true,
          },
        },
      },
    },
    "attachTo": undefined,
    "hydrateIn": undefined,
  },
}
`;
